2020-11-20 07:18:22,157 INFO www.speedtest.pl ? otwarcie strony
2020-11-20 07:18:22,184 INFO www.speedtest.pl ? przejście popup-u RODO
2020-11-20 07:18:22,253 INFO www.speedtest.pl ? przejście w głównym menu do pozycji "Moje konto" https://www.speedtest.pl/account
2020-11-20 07:18:25,345 INFO www.speedtest.pl ? zamknięcie przeglądarki
2020-11-20 07:18:29,409 INFO www.speedtest.pl ? otwarcie strony
2020-11-20 07:18:29,440 INFO www.speedtest.pl ? przejście popup-u RODO
2020-11-20 07:18:29,524 INFO www.speedtest.pl ? przejście w głównym menu do pozycji "Moje konto" https://www.speedtest.pl/account
2020-11-20 07:18:34,203 INFO www.speedtest.pl ? zamknięcie przeglądarki
2020-11-20 07:18:42,353 INFO www.speedtest.pl ? otwarcie strony
2020-11-20 07:18:42,572 INFO www.speedtest.pl ? przejście popup-u RODO
2020-11-20 07:18:42,733 INFO www.speedtest.pl ? przejście w głównym menu do pozycji "Moje konto" https://www.speedtest.pl/account
2020-11-20 07:18:44,282 INFO www.speedtest.pl ? zamknięcie przeglądarki
2020-11-20 07:18:48,461 INFO kangur-krakow.pl ? otwarcie strony
2020-11-20 07:18:53,546 INFO kangur-krakow.pl ? zamknięcie przeglądarki
